ERROR conda.cli.main_run:execute(125): `conda run pytest backend/tests/test_purged_cv_unification.py -v` failed. (See above for error)
============================= test session starts =============================
platform win32 -- Python 3.11.14, pytest-7.4.3, pluggy-1.6.0 -- C:\Users\buti3\anaconda3\envs\trading\python.exe
cachedir: .pytest_cache
rootdir: C:\Users\buti3\trading\backend
configfile: pytest.ini
plugins: anyio-4.11.0, asyncio-0.21.1, cov-7.0.0, typeguard-4.4.4
asyncio: mode=Mode.STRICT
collecting ... collected 2 items

backend\tests\test_purged_cv_unification.py::TestPurgedCVUnification::test_time_series_cross_validate_uses_purged_kfold ERROR [ 50%]
backend\tests\test_purged_cv_unification.py::TestPurgedCVUnification::test_purged_kfold_integration ERROR [100%]

=================================== ERRORS ====================================
_ ERROR at setup of TestPurgedCVUnification.test_time_series_cross_validate_uses_purged_kfold _

self = <test_purged_cv_unification.TestPurgedCVUnification object at 0x000001E3A7DFCB50>

    def setup_method(self):
>       self.trainer = BaseMLTrainer()
E       TypeError: Can't instantiate abstract class BaseMLTrainer with abstract methods _train_model_impl, predict

C:\Users\buti3\trading\backend\tests\test_purged_cv_unification.py:12: TypeError
___ ERROR at setup of TestPurgedCVUnification.test_purged_kfold_integration ___

self = <test_purged_cv_unification.TestPurgedCVUnification object at 0x000001E3A7DFCED0>

    def setup_method(self):
>       self.trainer = BaseMLTrainer()
E       TypeError: Can't instantiate abstract class BaseMLTrainer with abstract methods _train_model_impl, predict

C:\Users\buti3\trading\backend\tests\test_purged_cv_unification.py:12: TypeError
=========================== short test summary info ===========================
ERROR backend\tests\test_purged_cv_unification.py::TestPurgedCVUnification::test_time_series_cross_validate_uses_purged_kfold
ERROR backend\tests\test_purged_cv_unification.py::TestPurgedCVUnification::test_purged_kfold_integration
============================== 2 errors in 3.34s ==============================

